Analysis & Elaboration report for u_som
Mon Apr 24 15:08:38 2017
Quartus Prime Version 16.1.0 Build 196 10/24/2016 SJ Lite Edition


---------------------
; Table of Contents ;
---------------------
  1. Legal Notice
  2. Analysis & Elaboration Summary
  3. Parallel Compilation
  4. Parameter Settings for User Entity Instance: Top-level Entity: |u_som
  5. Parameter Settings for User Entity Instance: divideclock:CLOCK_DIVIDE
  6. Parameter Settings for User Entity Instance: cont_pulse:CONTADOR
  7. Parameter Settings for User Entity Instance: delay:DECODE_DELAY
  8. Parameter Settings for User Entity Instance: trigger:DECODE_TRIGG
  9. Analysis & Elaboration Settings
 10. Analysis & Elaboration Messages



----------------
; Legal Notice ;
----------------
Copyright (C) 2016  Intel Corporation. All rights reserved.
Your use of Intel Corporation's design tools, logic functions 
and other software and tools, and its AMPP partner logic 
functions, and any output files from any of the foregoing 
(including device programming or simulation files), and any 
associated documentation or information are expressly subject 
to the terms and conditions of the Intel Program License 
Subscription Agreement, the Intel Quartus Prime License Agreement,
the Intel MegaCore Function License Agreement, or other 
applicable license agreement, including, without limitation, 
that your use is for the sole purpose of programming logic 
devices manufactured by Intel and sold by Intel or its 
authorized distributors.  Please refer to the applicable 
agreement for further details.



+----------------------------------------------------------------------------------+
; Analysis & Elaboration Summary                                                   ;
+------------------------------------+---------------------------------------------+
; Analysis & Elaboration Status      ; Successful - Mon Apr 24 15:08:38 2017       ;
; Quartus Prime Version              ; 16.1.0 Build 196 10/24/2016 SJ Lite Edition ;
; Revision Name                      ; u_som                                       ;
; Top-level Entity Name              ; u_som                                       ;
; Family                             ; Cyclone IV E                                ;
; Total logic elements               ; N/A until Partition Merge                   ;
;     Total combinational functions  ; N/A until Partition Merge                   ;
;     Dedicated logic registers      ; N/A until Partition Merge                   ;
; Total registers                    ; N/A until Partition Merge                   ;
; Total pins                         ; N/A until Partition Merge                   ;
; Total virtual pins                 ; N/A until Partition Merge                   ;
; Total memory bits                  ; N/A until Partition Merge                   ;
; Embedded Multiplier 9-bit elements ; N/A until Partition Merge                   ;
; Total PLLs                         ; N/A until Partition Merge                   ;
+------------------------------------+---------------------------------------------+


+------------------------------------------+
; Parallel Compilation                     ;
+----------------------------+-------------+
; Processors                 ; Number      ;
+----------------------------+-------------+
; Number detected on machine ; 4           ;
; Maximum allowed            ; 2           ;
;                            ;             ;
; Average used               ; 1.00        ;
; Maximum used               ; 1           ;
;                            ;             ;
; Usage by Processor         ; % Time Used ;
;     Processor 1            ; 100.0%      ;
+----------------------------+-------------+


+-----------------------------------------------------------------------+
; Parameter Settings for User Entity Instance: Top-level Entity: |u_som ;
+----------------+-------+----------------------------------------------+
; Parameter Name ; Value ; Type                                         ;
+----------------+-------+----------------------------------------------+
; n              ; 8     ; Signed Integer                               ;
+----------------+-------+----------------------------------------------+
Note: In order to hide this table in the UI and the text report file, please set the "Show Parameter Settings in Synthesis Report" option in "Analysis and Synthesis Settings -> More Settings" to "Off".


+-----------------------------------------------------------------------+
; Parameter Settings for User Entity Instance: divideclock:CLOCK_DIVIDE ;
+----------------+----------+-------------------------------------------+
; Parameter Name ; Value    ; Type                                      ;
+----------------+----------+-------------------------------------------+
; freqin         ; 50000000 ; Signed Integer                            ;
; freqout        ; 17000    ; Signed Integer                            ;
+----------------+----------+-------------------------------------------+
Note: In order to hide this table in the UI and the text report file, please set the "Show Parameter Settings in Synthesis Report" option in "Analysis and Synthesis Settings -> More Settings" to "Off".


+------------------------------------------------------------------+
; Parameter Settings for User Entity Instance: cont_pulse:CONTADOR ;
+----------------+-------+-----------------------------------------+
; Parameter Name ; Value ; Type                                    ;
+----------------+-------+-----------------------------------------+
; n              ; 8     ; Signed Integer                          ;
+----------------+-------+-----------------------------------------+
Note: In order to hide this table in the UI and the text report file, please set the "Show Parameter Settings in Synthesis Report" option in "Analysis and Synthesis Settings -> More Settings" to "Off".


+-----------------------------------------------------------------+
; Parameter Settings for User Entity Instance: delay:DECODE_DELAY ;
+----------------+-------+----------------------------------------+
; Parameter Name ; Value ; Type                                   ;
+----------------+-------+----------------------------------------+
; delay_width    ; 8500  ; Signed Integer                         ;
+----------------+-------+----------------------------------------+
Note: In order to hide this table in the UI and the text report file, please set the "Show Parameter Settings in Synthesis Report" option in "Analysis and Synthesis Settings -> More Settings" to "Off".


+-------------------------------------------------------------------+
; Parameter Settings for User Entity Instance: trigger:DECODE_TRIGG ;
+----------------+-------+------------------------------------------+
; Parameter Name ; Value ; Type                                     ;
+----------------+-------+------------------------------------------+
; pulse_width    ; 1     ; Signed Integer                           ;
+----------------+-------+------------------------------------------+
Note: In order to hide this table in the UI and the text report file, please set the "Show Parameter Settings in Synthesis Report" option in "Analysis and Synthesis Settings -> More Settings" to "Off".


+----------------------------------------------------------------------------------------------------------------------+
; Analysis & Elaboration Settings                                                                                      ;
+----------------------------------------------------------------------------+--------------------+--------------------+
; Option                                                                     ; Setting            ; Default Value      ;
+----------------------------------------------------------------------------+--------------------+--------------------+
; Device                                                                     ; EP4CE115F29C7      ;                    ;
; Top-level entity name                                                      ; u_som              ; u_som              ;
; Family name                                                                ; Cyclone IV E       ; Cyclone V          ;
; Use smart compilation                                                      ; Off                ; Off                ;
; Enable parallel Assembler and TimeQuest Timing Analyzer during compilation ; On                 ; On                 ;
; Enable compact report table                                                ; Off                ; Off                ;
; Restructure Multiplexers                                                   ; Auto               ; Auto               ;
; Create Debugging Nodes for IP Cores                                        ; Off                ; Off                ;
; Preserve fewer node names                                                  ; On                 ; On                 ;
; OpenCore Plus hardware evaluation                                          ; Enable             ; Enable             ;
; Verilog Version                                                            ; Verilog_2001       ; Verilog_2001       ;
; VHDL Version                                                               ; VHDL_1993          ; VHDL_1993          ;
; State Machine Processing                                                   ; Auto               ; Auto               ;
; Safe State Machine                                                         ; Off                ; Off                ;
; Extract Verilog State Machines                                             ; On                 ; On                 ;
; Extract VHDL State Machines                                                ; On                 ; On                 ;
; Ignore Verilog initial constructs                                          ; Off                ; Off                ;
; Iteration limit for constant Verilog loops                                 ; 5000               ; 5000               ;
; Iteration limit for non-constant Verilog loops                             ; 250                ; 250                ;
; Add Pass-Through Logic to Inferred RAMs                                    ; On                 ; On                 ;
; Infer RAMs from Raw Logic                                                  ; On                 ; On                 ;
; Parallel Synthesis                                                         ; On                 ; On                 ;
; DSP Block Balancing                                                        ; Auto               ; Auto               ;
; NOT Gate Push-Back                                                         ; On                 ; On                 ;
; Power-Up Don't Care                                                        ; On                 ; On                 ;
; Remove Redundant Logic Cells                                               ; Off                ; Off                ;
; Remove Duplicate Registers                                                 ; On                 ; On                 ;
; Ignore CARRY Buffers                                                       ; Off                ; Off                ;
; Ignore CASCADE Buffers                                                     ; Off                ; Off                ;
; Ignore GLOBAL Buffers                                                      ; Off                ; Off                ;
; Ignore ROW GLOBAL Buffers                                                  ; Off                ; Off                ;
; Ignore LCELL Buffers                                                       ; Off                ; Off                ;
; Ignore SOFT Buffers                                                        ; On                 ; On                 ;
; Limit AHDL Integers to 32 Bits                                             ; Off                ; Off                ;
; Optimization Technique                                                     ; Balanced           ; Balanced           ;
; Carry Chain Length                                                         ; 70                 ; 70                 ;
; Auto Carry Chains                                                          ; On                 ; On                 ;
; Auto Open-Drain Pins                                                       ; On                 ; On                 ;
; Perform WYSIWYG Primitive Resynthesis                                      ; Off                ; Off                ;
; Auto ROM Replacement                                                       ; On                 ; On                 ;
; Auto RAM Replacement                                                       ; On                 ; On                 ;
; Auto DSP Block Replacement                                                 ; On                 ; On                 ;
; Auto Shift Register Replacement                                            ; Auto               ; Auto               ;
; Allow Shift Register Merging across Hierarchies                            ; Auto               ; Auto               ;
; Auto Clock Enable Replacement                                              ; On                 ; On                 ;
; Strict RAM Replacement                                                     ; Off                ; Off                ;
; Allow Synchronous Control Signals                                          ; On                 ; On                 ;
; Force Use of Synchronous Clear Signals                                     ; Off                ; Off                ;
; Auto RAM Block Balancing                                                   ; On                 ; On                 ;
; Auto RAM to Logic Cell Conversion                                          ; Off                ; Off                ;
; Auto Resource Sharing                                                      ; Off                ; Off                ;
; Allow Any RAM Size For Recognition                                         ; Off                ; Off                ;
; Allow Any ROM Size For Recognition                                         ; Off                ; Off                ;
; Allow Any Shift Register Size For Recognition                              ; Off                ; Off                ;
; Use LogicLock Constraints during Resource Balancing                        ; On                 ; On                 ;
; Ignore translate_off and synthesis_off directives                          ; Off                ; Off                ;
; Timing-Driven Synthesis                                                    ; On                 ; On                 ;
; Report Parameter Settings                                                  ; On                 ; On                 ;
; Report Source Assignments                                                  ; On                 ; On                 ;
; Report Connectivity Checks                                                 ; On                 ; On                 ;
; Ignore Maximum Fan-Out Assignments                                         ; Off                ; Off                ;
; Synchronization Register Chain Length                                      ; 2                  ; 2                  ;
; PowerPlay Power Optimization During Synthesis                              ; Normal compilation ; Normal compilation ;
; HDL message level                                                          ; Level2             ; Level2             ;
; Suppress Register Optimization Related Messages                            ; Off                ; Off                ;
; Number of Removed Registers Reported in Synthesis Report                   ; 5000               ; 5000               ;
; Number of Swept Nodes Reported in Synthesis Report                         ; 5000               ; 5000               ;
; Number of Inverted Registers Reported in Synthesis Report                  ; 100                ; 100                ;
; Clock MUX Protection                                                       ; On                 ; On                 ;
; Auto Gated Clock Conversion                                                ; Off                ; Off                ;
; Block Design Naming                                                        ; Auto               ; Auto               ;
; SDC constraint protection                                                  ; Off                ; Off                ;
; Synthesis Effort                                                           ; Auto               ; Auto               ;
; Shift Register Replacement - Allow Asynchronous Clear Signal               ; On                 ; On                 ;
; Pre-Mapping Resynthesis Optimization                                       ; Off                ; Off                ;
; Analysis & Synthesis Message Level                                         ; Medium             ; Medium             ;
; Disable Register Merging Across Hierarchies                                ; Auto               ; Auto               ;
; Resource Aware Inference For Block RAM                                     ; On                 ; On                 ;
+----------------------------------------------------------------------------+--------------------+--------------------+


+---------------------------------+
; Analysis & Elaboration Messages ;
+---------------------------------+
Info: *******************************************************************
Info: Running Quartus Prime Analysis & Elaboration
    Info: Version 16.1.0 Build 196 10/24/2016 SJ Lite Edition
    Info: Processing started: Mon Apr 24 15:08:15 2017
Info: Command: quartus_map --read_settings_files=on --write_settings_files=off u_som -c u_som --analysis_and_elaboration
Warning (18236): Number of processors has not been specified which may cause overloading on shared machines.  Set the global assignment NUM_PARALLEL_PROCESSORS in your QSF to an appropriate value for best performance.
Info (20030): Parallel compilation is enabled and will use 2 of the 2 processors detected
Info (12021): Found 2 design units, including 1 entities, in source file sub_entidades/trigger.vhd
    Info (12022): Found design unit 1: trigger-HARDWARE File: D:/Users/dinho/Dropbox/ifsc/PI2/01_projeto/03_HCSR04/00_u_som/sub_entidades/trigger.vhd Line: 28
    Info (12023): Found entity 1: trigger File: D:/Users/dinho/Dropbox/ifsc/PI2/01_projeto/03_HCSR04/00_u_som/sub_entidades/trigger.vhd Line: 17
Info (12021): Found 2 design units, including 1 entities, in source file sub_entidades/fsm_u_som.vhd
    Info (12022): Found design unit 1: fsm_u_som-HARDWARE File: D:/Users/dinho/Dropbox/ifsc/PI2/01_projeto/03_HCSR04/00_u_som/sub_entidades/fsm_u_som.vhd Line: 31
    Info (12023): Found entity 1: fsm_u_som File: D:/Users/dinho/Dropbox/ifsc/PI2/01_projeto/03_HCSR04/00_u_som/sub_entidades/fsm_u_som.vhd Line: 19
Info (12021): Found 2 design units, including 1 entities, in source file sub_entidades/divideclock.vhd
    Info (12022): Found design unit 1: divideclock-HARDWARE File: D:/Users/dinho/Dropbox/ifsc/PI2/01_projeto/03_HCSR04/00_u_som/sub_entidades/divideclock.vhd Line: 31
    Info (12023): Found entity 1: divideclock File: D:/Users/dinho/Dropbox/ifsc/PI2/01_projeto/03_HCSR04/00_u_som/sub_entidades/divideclock.vhd Line: 21
Info (12021): Found 2 design units, including 1 entities, in source file sub_entidades/delay.vhd
    Info (12022): Found design unit 1: delay-HARDWARE File: D:/Users/dinho/Dropbox/ifsc/PI2/01_projeto/03_HCSR04/00_u_som/sub_entidades/delay.vhd Line: 33
    Info (12023): Found entity 1: delay File: D:/Users/dinho/Dropbox/ifsc/PI2/01_projeto/03_HCSR04/00_u_som/sub_entidades/delay.vhd Line: 19
Info (12021): Found 2 design units, including 1 entities, in source file sub_entidades/cont_pulse.vhd
    Info (12022): Found design unit 1: cont_pulse-HARDWARE File: D:/Users/dinho/Dropbox/ifsc/PI2/01_projeto/03_HCSR04/00_u_som/sub_entidades/cont_pulse.vhd Line: 32
    Info (12023): Found entity 1: cont_pulse File: D:/Users/dinho/Dropbox/ifsc/PI2/01_projeto/03_HCSR04/00_u_som/sub_entidades/cont_pulse.vhd Line: 20
Info (12021): Found 2 design units, including 1 entities, in source file sub_entidades/classificador.vhd
    Info (12022): Found design unit 1: classificador-HARDWARE File: D:/Users/dinho/Dropbox/ifsc/PI2/01_projeto/03_HCSR04/00_u_som/sub_entidades/classificador.vhd Line: 34
    Info (12023): Found entity 1: classificador File: D:/Users/dinho/Dropbox/ifsc/PI2/01_projeto/03_HCSR04/00_u_som/sub_entidades/classificador.vhd Line: 24
Info (12021): Found 2 design units, including 1 entities, in source file u_som.vhd
    Info (12022): Found design unit 1: u_som-HARDWARE File: D:/Users/dinho/Dropbox/ifsc/PI2/01_projeto/03_HCSR04/00_u_som/u_som.vhd Line: 34
    Info (12023): Found entity 1: u_som File: D:/Users/dinho/Dropbox/ifsc/PI2/01_projeto/03_HCSR04/00_u_som/u_som.vhd Line: 20
Info (12127): Elaborating entity "u_som" for the top level hierarchy
Info (12128): Elaborating entity "divideclock" for hierarchy "divideclock:CLOCK_DIVIDE" File: D:/Users/dinho/Dropbox/ifsc/PI2/01_projeto/03_HCSR04/00_u_som/u_som.vhd Line: 48
Info (12128): Elaborating entity "fsm_u_som" for hierarchy "fsm_u_som:FSM" File: D:/Users/dinho/Dropbox/ifsc/PI2/01_projeto/03_HCSR04/00_u_som/u_som.vhd Line: 52
Warning (10492): VHDL Process Statement warning at fsm_u_som.vhd(63): signal "RST" is read inside the Process Statement but isn't in the Process Statement's sensitivity list File: D:/Users/dinho/Dropbox/ifsc/PI2/01_projeto/03_HCSR04/00_u_som/sub_entidades/fsm_u_som.vhd Line: 63
Warning (10492): VHDL Process Statement warning at fsm_u_som.vhd(65): signal "RST" is read inside the Process Statement but isn't in the Process Statement's sensitivity list File: D:/Users/dinho/Dropbox/ifsc/PI2/01_projeto/03_HCSR04/00_u_som/sub_entidades/fsm_u_som.vhd Line: 65
Warning (10492): VHDL Process Statement warning at fsm_u_som.vhd(74): signal "E_SINAL_TRIG" is read inside the Process Statement but isn't in the Process Statement's sensitivity list File: D:/Users/dinho/Dropbox/ifsc/PI2/01_projeto/03_HCSR04/00_u_som/sub_entidades/fsm_u_som.vhd Line: 74
Warning (10492): VHDL Process Statement warning at fsm_u_som.vhd(76): signal "E_SINAL_TRIG" is read inside the Process Statement but isn't in the Process Statement's sensitivity list File: D:/Users/dinho/Dropbox/ifsc/PI2/01_projeto/03_HCSR04/00_u_som/sub_entidades/fsm_u_som.vhd Line: 76
Warning (10492): VHDL Process Statement warning at fsm_u_som.vhd(84): signal "E_SINAL_TRIG" is read inside the Process Statement but isn't in the Process Statement's sensitivity list File: D:/Users/dinho/Dropbox/ifsc/PI2/01_projeto/03_HCSR04/00_u_som/sub_entidades/fsm_u_som.vhd Line: 84
Warning (10492): VHDL Process Statement warning at fsm_u_som.vhd(86): signal "E_SINAL_TRIG" is read inside the Process Statement but isn't in the Process Statement's sensitivity list File: D:/Users/dinho/Dropbox/ifsc/PI2/01_projeto/03_HCSR04/00_u_som/sub_entidades/fsm_u_som.vhd Line: 86
Warning (10492): VHDL Process Statement warning at fsm_u_som.vhd(95): signal "E_SINAL_ECHO" is read inside the Process Statement but isn't in the Process Statement's sensitivity list File: D:/Users/dinho/Dropbox/ifsc/PI2/01_projeto/03_HCSR04/00_u_som/sub_entidades/fsm_u_som.vhd Line: 95
Warning (10492): VHDL Process Statement warning at fsm_u_som.vhd(97): signal "E_SINAL_ECHO" is read inside the Process Statement but isn't in the Process Statement's sensitivity list File: D:/Users/dinho/Dropbox/ifsc/PI2/01_projeto/03_HCSR04/00_u_som/sub_entidades/fsm_u_som.vhd Line: 97
Warning (10492): VHDL Process Statement warning at fsm_u_som.vhd(106): signal "E_SINAL_ECHO" is read inside the Process Statement but isn't in the Process Statement's sensitivity list File: D:/Users/dinho/Dropbox/ifsc/PI2/01_projeto/03_HCSR04/00_u_som/sub_entidades/fsm_u_som.vhd Line: 106
Warning (10492): VHDL Process Statement warning at fsm_u_som.vhd(108): signal "E_SINAL_ECHO" is read inside the Process Statement but isn't in the Process Statement's sensitivity list File: D:/Users/dinho/Dropbox/ifsc/PI2/01_projeto/03_HCSR04/00_u_som/sub_entidades/fsm_u_som.vhd Line: 108
Warning (10492): VHDL Process Statement warning at fsm_u_som.vhd(117): signal "E_SINAL_DELAY" is read inside the Process Statement but isn't in the Process Statement's sensitivity list File: D:/Users/dinho/Dropbox/ifsc/PI2/01_projeto/03_HCSR04/00_u_som/sub_entidades/fsm_u_som.vhd Line: 117
Warning (10492): VHDL Process Statement warning at fsm_u_som.vhd(119): signal "E_SINAL_DELAY" is read inside the Process Statement but isn't in the Process Statement's sensitivity list File: D:/Users/dinho/Dropbox/ifsc/PI2/01_projeto/03_HCSR04/00_u_som/sub_entidades/fsm_u_som.vhd Line: 119
Warning (10492): VHDL Process Statement warning at fsm_u_som.vhd(126): signal "E_SINAL_DELAY" is read inside the Process Statement but isn't in the Process Statement's sensitivity list File: D:/Users/dinho/Dropbox/ifsc/PI2/01_projeto/03_HCSR04/00_u_som/sub_entidades/fsm_u_som.vhd Line: 126
Warning (10492): VHDL Process Statement warning at fsm_u_som.vhd(128): signal "E_SINAL_DELAY" is read inside the Process Statement but isn't in the Process Statement's sensitivity list File: D:/Users/dinho/Dropbox/ifsc/PI2/01_projeto/03_HCSR04/00_u_som/sub_entidades/fsm_u_som.vhd Line: 128
Warning (10631): VHDL Process Statement warning at fsm_u_som.vhd(53): inferring latch(es) for signal or variable "S_EN_TRIG", which holds its previous value in one or more paths through the process File: D:/Users/dinho/Dropbox/ifsc/PI2/01_projeto/03_HCSR04/00_u_som/sub_entidades/fsm_u_som.vhd Line: 53
Warning (10631): VHDL Process Statement warning at fsm_u_som.vhd(53): inferring latch(es) for signal or variable "S_RST_ECHO", which holds its previous value in one or more paths through the process File: D:/Users/dinho/Dropbox/ifsc/PI2/01_projeto/03_HCSR04/00_u_som/sub_entidades/fsm_u_som.vhd Line: 53
Warning (10631): VHDL Process Statement warning at fsm_u_som.vhd(53): inferring latch(es) for signal or variable "S_EN_DELAY", which holds its previous value in one or more paths through the process File: D:/Users/dinho/Dropbox/ifsc/PI2/01_projeto/03_HCSR04/00_u_som/sub_entidades/fsm_u_som.vhd Line: 53
Warning (10631): VHDL Process Statement warning at fsm_u_som.vhd(53): inferring latch(es) for signal or variable "nx_state", which holds its previous value in one or more paths through the process File: D:/Users/dinho/Dropbox/ifsc/PI2/01_projeto/03_HCSR04/00_u_som/sub_entidades/fsm_u_som.vhd Line: 53
Info (10041): Inferred latch for "nx_state.delay" at fsm_u_som.vhd(53) File: D:/Users/dinho/Dropbox/ifsc/PI2/01_projeto/03_HCSR04/00_u_som/sub_entidades/fsm_u_som.vhd Line: 53
Info (10041): Inferred latch for "nx_state.inicia_delay" at fsm_u_som.vhd(53) File: D:/Users/dinho/Dropbox/ifsc/PI2/01_projeto/03_HCSR04/00_u_som/sub_entidades/fsm_u_som.vhd Line: 53
Info (10041): Inferred latch for "nx_state.mede_echo" at fsm_u_som.vhd(53) File: D:/Users/dinho/Dropbox/ifsc/PI2/01_projeto/03_HCSR04/00_u_som/sub_entidades/fsm_u_som.vhd Line: 53
Info (10041): Inferred latch for "nx_state.espera_echo" at fsm_u_som.vhd(53) File: D:/Users/dinho/Dropbox/ifsc/PI2/01_projeto/03_HCSR04/00_u_som/sub_entidades/fsm_u_som.vhd Line: 53
Info (10041): Inferred latch for "nx_state.gera_trig" at fsm_u_som.vhd(53) File: D:/Users/dinho/Dropbox/ifsc/PI2/01_projeto/03_HCSR04/00_u_som/sub_entidades/fsm_u_som.vhd Line: 53
Info (10041): Inferred latch for "nx_state.inicia_trig" at fsm_u_som.vhd(53) File: D:/Users/dinho/Dropbox/ifsc/PI2/01_projeto/03_HCSR04/00_u_som/sub_entidades/fsm_u_som.vhd Line: 53
Info (10041): Inferred latch for "nx_state.inicio" at fsm_u_som.vhd(53) File: D:/Users/dinho/Dropbox/ifsc/PI2/01_projeto/03_HCSR04/00_u_som/sub_entidades/fsm_u_som.vhd Line: 53
Info (10041): Inferred latch for "S_EN_DELAY" at fsm_u_som.vhd(53) File: D:/Users/dinho/Dropbox/ifsc/PI2/01_projeto/03_HCSR04/00_u_som/sub_entidades/fsm_u_som.vhd Line: 53
Info (10041): Inferred latch for "S_RST_ECHO" at fsm_u_som.vhd(53) File: D:/Users/dinho/Dropbox/ifsc/PI2/01_projeto/03_HCSR04/00_u_som/sub_entidades/fsm_u_som.vhd Line: 53
Info (10041): Inferred latch for "S_EN_TRIG" at fsm_u_som.vhd(53) File: D:/Users/dinho/Dropbox/ifsc/PI2/01_projeto/03_HCSR04/00_u_som/sub_entidades/fsm_u_som.vhd Line: 53
Info (12128): Elaborating entity "cont_pulse" for hierarchy "cont_pulse:CONTADOR" File: D:/Users/dinho/Dropbox/ifsc/PI2/01_projeto/03_HCSR04/00_u_som/u_som.vhd Line: 56
Warning (10492): VHDL Process Statement warning at cont_pulse.vhd(40): signal "EN" is read inside the Process Statement but isn't in the Process Statement's sensitivity list File: D:/Users/dinho/Dropbox/ifsc/PI2/01_projeto/03_HCSR04/00_u_som/sub_entidades/cont_pulse.vhd Line: 40
Info (12128): Elaborating entity "delay" for hierarchy "delay:DECODE_DELAY" File: D:/Users/dinho/Dropbox/ifsc/PI2/01_projeto/03_HCSR04/00_u_som/u_som.vhd Line: 61
Info (12128): Elaborating entity "trigger" for hierarchy "trigger:DECODE_TRIGG" File: D:/Users/dinho/Dropbox/ifsc/PI2/01_projeto/03_HCSR04/00_u_som/u_som.vhd Line: 66
Info (12128): Elaborating entity "classificador" for hierarchy "classificador:CLASSIFICA" File: D:/Users/dinho/Dropbox/ifsc/PI2/01_projeto/03_HCSR04/00_u_som/u_som.vhd Line: 71
Info: Quartus Prime Analysis & Elaboration was successful. 0 errors, 20 warnings
    Info: Peak virtual memory: 636 megabytes
    Info: Processing ended: Mon Apr 24 15:08:38 2017
    Info: Elapsed time: 00:00:23
    Info: Total CPU time (on all processors): 00:00:47


