------------------------------------------------------------
TimeQuest Timing Analyzer Summary
------------------------------------------------------------

Type  : Slow 1200mV 85C Model Setup 'clock_100'
Slack : -5.840
TNS   : -116.707

Type  : Slow 1200mV 85C Model Setup 'CLOCK_50'
Slack : -3.246
TNS   : -19.491

Type  : Slow 1200mV 85C Model Hold 'CLOCK_50'
Slack : -0.136
TNS   : -0.136

Type  : Slow 1200mV 85C Model Hold 'clock_100'
Slack : 0.385
TNS   : 0.000

Type  : Slow 1200mV 85C Model Minimum Pulse Width 'CLOCK_50'
Slack : -3.000
TNS   : -20.990

Type  : Slow 1200mV 85C Model Minimum Pulse Width 'clock_100'
Slack : -1.285
TNS   : -30.840

Type  : Slow 1200mV 0C Model Setup 'clock_100'
Slack : -5.214
TNS   : -104.498

Type  : Slow 1200mV 0C Model Setup 'CLOCK_50'
Slack : -2.835
TNS   : -16.162

Type  : Slow 1200mV 0C Model Hold 'CLOCK_50'
Slack : -0.047
TNS   : -0.047

Type  : Slow 1200mV 0C Model Hold 'clock_100'
Slack : 0.336
TNS   : 0.000

Type  : Slow 1200mV 0C Model Minimum Pulse Width 'CLOCK_50'
Slack : -3.000
TNS   : -20.990

Type  : Slow 1200mV 0C Model Minimum Pulse Width 'clock_100'
Slack : -1.285
TNS   : -30.840

Type  : Fast 1200mV 0C Model Setup 'clock_100'
Slack : -2.249
TNS   : -43.024

Type  : Fast 1200mV 0C Model Setup 'CLOCK_50'
Slack : -1.020
TNS   : -2.661

Type  : Fast 1200mV 0C Model Hold 'CLOCK_50'
Slack : -0.183
TNS   : -0.183

Type  : Fast 1200mV 0C Model Hold 'clock_100'
Slack : 0.173
TNS   : 0.000

Type  : Fast 1200mV 0C Model Minimum Pulse Width 'CLOCK_50'
Slack : -3.000
TNS   : -21.164

Type  : Fast 1200mV 0C Model Minimum Pulse Width 'clock_100'
Slack : -1.000
TNS   : -24.000

------------------------------------------------------------
