------------------------------------------------------------
TimeQuest Timing Analyzer Summary
------------------------------------------------------------

Type  : Slow 1200mV 85C Model Setup 'sensor_cor:BLOCO_COR|CLOCK_500k'
Slack : -51.461
TNS   : -243.921

Type  : Slow 1200mV 85C Model Setup 'SELETOR:BLOCO_01|ESTADO.CASO_02'
Slack : -5.509
TNS   : -5.509

Type  : Slow 1200mV 85C Model Setup 'Motor:BLOCO_MOTOR|CLOCK_100'
Slack : -4.619
TNS   : -48.946

Type  : Slow 1200mV 85C Model Setup 'CLOCK_50'
Slack : -4.347
TNS   : -242.821

Type  : Slow 1200mV 85C Model Setup 'sen_alt_7seg:BLOCO_03|sens_alt:BLOCO_01|CLOCK'
Slack : -3.740
TNS   : -104.617

Type  : Slow 1200mV 85C Model Setup 'debouncer_pi:BLOCO_00|buttonPressed'
Slack : -1.244
TNS   : -1.244

Type  : Slow 1200mV 85C Model Hold 'sen_alt_7seg:BLOCO_03|sens_alt:BLOCO_01|CLOCK'
Slack : 0.386
TNS   : 0.000

Type  : Slow 1200mV 85C Model Hold 'CLOCK_50'
Slack : 0.401
TNS   : 0.000

Type  : Slow 1200mV 85C Model Hold 'sensor_cor:BLOCO_COR|CLOCK_500k'
Slack : 0.402
TNS   : 0.000

Type  : Slow 1200mV 85C Model Hold 'Motor:BLOCO_MOTOR|CLOCK_100'
Slack : 0.404
TNS   : 0.000

Type  : Slow 1200mV 85C Model Hold 'debouncer_pi:BLOCO_00|buttonPressed'
Slack : 0.444
TNS   : 0.000

Type  : Slow 1200mV 85C Model Hold 'SELETOR:BLOCO_01|ESTADO.CASO_02'
Slack : 5.128
TNS   : 0.000

Type  : Slow 1200mV 85C Model Minimum Pulse Width 'CLOCK_50'
Slack : -3.000
TNS   : -114.795

Type  : Slow 1200mV 85C Model Minimum Pulse Width 'sensor_cor:BLOCO_COR|CLOCK_500k'
Slack : -1.285
TNS   : -74.530

Type  : Slow 1200mV 85C Model Minimum Pulse Width 'sen_alt_7seg:BLOCO_03|sens_alt:BLOCO_01|CLOCK'
Slack : -1.285
TNS   : -47.545

Type  : Slow 1200mV 85C Model Minimum Pulse Width 'Motor:BLOCO_MOTOR|CLOCK_100'
Slack : -1.285
TNS   : -16.705

Type  : Slow 1200mV 85C Model Minimum Pulse Width 'debouncer_pi:BLOCO_00|buttonPressed'
Slack : -1.285
TNS   : -3.855

Type  : Slow 1200mV 85C Model Minimum Pulse Width 'SELETOR:BLOCO_01|ESTADO.CASO_02'
Slack : 0.484
TNS   : 0.000

Type  : Slow 1200mV 0C Model Setup 'sensor_cor:BLOCO_COR|CLOCK_500k'
Slack : -46.280
TNS   : -217.815

Type  : Slow 1200mV 0C Model Setup 'SELETOR:BLOCO_01|ESTADO.CASO_02'
Slack : -5.021
TNS   : -5.021

Type  : Slow 1200mV 0C Model Setup 'Motor:BLOCO_MOTOR|CLOCK_100'
Slack : -4.195
TNS   : -43.704

Type  : Slow 1200mV 0C Model Setup 'CLOCK_50'
Slack : -3.910
TNS   : -215.293

Type  : Slow 1200mV 0C Model Setup 'sen_alt_7seg:BLOCO_03|sens_alt:BLOCO_01|CLOCK'
Slack : -3.307
TNS   : -92.461

Type  : Slow 1200mV 0C Model Setup 'debouncer_pi:BLOCO_00|buttonPressed'
Slack : -1.034
TNS   : -1.034

Type  : Slow 1200mV 0C Model Hold 'sen_alt_7seg:BLOCO_03|sens_alt:BLOCO_01|CLOCK'
Slack : 0.339
TNS   : 0.000

Type  : Slow 1200mV 0C Model Hold 'CLOCK_50'
Slack : 0.353
TNS   : 0.000

Type  : Slow 1200mV 0C Model Hold 'sensor_cor:BLOCO_COR|CLOCK_500k'
Slack : 0.354
TNS   : 0.000

Type  : Slow 1200mV 0C Model Hold 'Motor:BLOCO_MOTOR|CLOCK_100'
Slack : 0.356
TNS   : 0.000

Type  : Slow 1200mV 0C Model Hold 'debouncer_pi:BLOCO_00|buttonPressed'
Slack : 0.400
TNS   : 0.000

Type  : Slow 1200mV 0C Model Hold 'SELETOR:BLOCO_01|ESTADO.CASO_02'
Slack : 4.643
TNS   : 0.000

Type  : Slow 1200mV 0C Model Minimum Pulse Width 'CLOCK_50'
Slack : -3.000
TNS   : -114.795

Type  : Slow 1200mV 0C Model Minimum Pulse Width 'sensor_cor:BLOCO_COR|CLOCK_500k'
Slack : -1.285
TNS   : -74.530

Type  : Slow 1200mV 0C Model Minimum Pulse Width 'sen_alt_7seg:BLOCO_03|sens_alt:BLOCO_01|CLOCK'
Slack : -1.285
TNS   : -47.545

Type  : Slow 1200mV 0C Model Minimum Pulse Width 'Motor:BLOCO_MOTOR|CLOCK_100'
Slack : -1.285
TNS   : -16.705

Type  : Slow 1200mV 0C Model Minimum Pulse Width 'debouncer_pi:BLOCO_00|buttonPressed'
Slack : -1.285
TNS   : -3.855

Type  : Slow 1200mV 0C Model Minimum Pulse Width 'SELETOR:BLOCO_01|ESTADO.CASO_02'
Slack : 0.407
TNS   : 0.000

Type  : Fast 1200mV 0C Model Setup 'sensor_cor:BLOCO_COR|CLOCK_500k'
Slack : -24.563
TNS   : -94.799

Type  : Fast 1200mV 0C Model Setup 'SELETOR:BLOCO_01|ESTADO.CASO_02'
Slack : -2.684
TNS   : -2.684

Type  : Fast 1200mV 0C Model Setup 'Motor:BLOCO_MOTOR|CLOCK_100'
Slack : -1.725
TNS   : -17.499

Type  : Fast 1200mV 0C Model Setup 'CLOCK_50'
Slack : -1.548
TNS   : -70.189

Type  : Fast 1200mV 0C Model Setup 'sen_alt_7seg:BLOCO_03|sens_alt:BLOCO_01|CLOCK'
Slack : -1.333
TNS   : -32.776

Type  : Fast 1200mV 0C Model Setup 'debouncer_pi:BLOCO_00|buttonPressed'
Slack : -0.583
TNS   : -0.583

Type  : Fast 1200mV 0C Model Hold 'sen_alt_7seg:BLOCO_03|sens_alt:BLOCO_01|CLOCK'
Slack : 0.174
TNS   : 0.000

Type  : Fast 1200mV 0C Model Hold 'CLOCK_50'
Slack : 0.181
TNS   : 0.000

Type  : Fast 1200mV 0C Model Hold 'sensor_cor:BLOCO_COR|CLOCK_500k'
Slack : 0.181
TNS   : 0.000

Type  : Fast 1200mV 0C Model Hold 'Motor:BLOCO_MOTOR|CLOCK_100'
Slack : 0.183
TNS   : 0.000

Type  : Fast 1200mV 0C Model Hold 'debouncer_pi:BLOCO_00|buttonPressed'
Slack : 0.205
TNS   : 0.000

Type  : Fast 1200mV 0C Model Hold 'SELETOR:BLOCO_01|ESTADO.CASO_02'
Slack : 2.794
TNS   : 0.000

Type  : Fast 1200mV 0C Model Minimum Pulse Width 'CLOCK_50'
Slack : -3.000
TNS   : -115.264

Type  : Fast 1200mV 0C Model Minimum Pulse Width 'sensor_cor:BLOCO_COR|CLOCK_500k'
Slack : -1.000
TNS   : -58.000

Type  : Fast 1200mV 0C Model Minimum Pulse Width 'sen_alt_7seg:BLOCO_03|sens_alt:BLOCO_01|CLOCK'
Slack : -1.000
TNS   : -37.000

Type  : Fast 1200mV 0C Model Minimum Pulse Width 'Motor:BLOCO_MOTOR|CLOCK_100'
Slack : -1.000
TNS   : -13.000

Type  : Fast 1200mV 0C Model Minimum Pulse Width 'debouncer_pi:BLOCO_00|buttonPressed'
Slack : -1.000
TNS   : -3.000

Type  : Fast 1200mV 0C Model Minimum Pulse Width 'SELETOR:BLOCO_01|ESTADO.CASO_02'
Slack : 0.416
TNS   : 0.000

------------------------------------------------------------
