Analysis & Synthesis report for MAIN
Tue Apr 25 08:38:01 2017
Quartus Prime Version 16.1.0 Build 196 10/24/2016 SJ Lite Edition


---------------------
; Table of Contents ;
---------------------
  1. Legal Notice
  2. Analysis & Synthesis Summary
  3. Analysis & Synthesis Settings
  4. Parallel Compilation
  5. Analysis & Synthesis Source Files Read
  6. Analysis & Synthesis Resource Usage Summary
  7. Analysis & Synthesis Resource Utilization by Entity
  8. State Machine - |MAIN|U_SOM_DECODE:BLOCO_03|u_som:BLOCO_01|fsm_u_som:FSM|pr_state
  9. State Machine - |MAIN|SELETOR:BLOCO_01|ESTADO
 10. User-Specified and Inferred Latches
 11. General Register Statistics
 12. Multiplexer Restructuring Statistics (Restructuring Performed)
 13. Parameter Settings for User Entity Instance: debouncer_pi:BLOCO_00
 14. Parameter Settings for User Entity Instance: U_SOM_DECODE:BLOCO_03|u_som:BLOCO_01
 15. Parameter Settings for User Entity Instance: U_SOM_DECODE:BLOCO_03|u_som:BLOCO_01|divideclock:CLOCK_DIVIDE
 16. Parameter Settings for User Entity Instance: U_SOM_DECODE:BLOCO_03|u_som:BLOCO_01|cont_pulse:CONTADOR
 17. Parameter Settings for User Entity Instance: U_SOM_DECODE:BLOCO_03|u_som:BLOCO_01|delay:DECODE_DELAY
 18. Parameter Settings for User Entity Instance: U_SOM_DECODE:BLOCO_03|u_som:BLOCO_01|trigger:DECODE_TRIGG
 19. Port Connectivity Checks: "U_SOM_DECODE:BLOCO_03|u_som:BLOCO_01"
 20. Post-Synthesis Netlist Statistics for Top Partition
 21. Elapsed Time Per Partition
 22. Analysis & Synthesis Messages



----------------
; Legal Notice ;
----------------
Copyright (C) 2016  Intel Corporation. All rights reserved.
Your use of Intel Corporation's design tools, logic functions 
and other software and tools, and its AMPP partner logic 
functions, and any output files from any of the foregoing 
(including device programming or simulation files), and any 
associated documentation or information are expressly subject 
to the terms and conditions of the Intel Program License 
Subscription Agreement, the Intel Quartus Prime License Agreement,
the Intel MegaCore Function License Agreement, or other 
applicable license agreement, including, without limitation, 
that your use is for the sole purpose of programming logic 
devices manufactured by Intel and sold by Intel or its 
authorized distributors.  Please refer to the applicable 
agreement for further details.



+----------------------------------------------------------------------------------+
; Analysis & Synthesis Summary                                                     ;
+------------------------------------+---------------------------------------------+
; Analysis & Synthesis Status        ; Successful - Tue Apr 25 08:38:01 2017       ;
; Quartus Prime Version              ; 16.1.0 Build 196 10/24/2016 SJ Lite Edition ;
; Revision Name                      ; MAIN                                        ;
; Top-level Entity Name              ; MAIN                                        ;
; Family                             ; Cyclone IV E                                ;
; Total logic elements               ; 157                                         ;
;     Total combinational functions  ; 156                                         ;
;     Dedicated logic registers      ; 71                                          ;
; Total registers                    ; 71                                          ;
; Total pins                         ; 64                                          ;
; Total virtual pins                 ; 0                                           ;
; Total memory bits                  ; 0                                           ;
; Embedded Multiplier 9-bit elements ; 0                                           ;
; Total PLLs                         ; 0                                           ;
+------------------------------------+---------------------------------------------+


+----------------------------------------------------------------------------------------------------------------------+
; Analysis & Synthesis Settings                                                                                        ;
+----------------------------------------------------------------------------+--------------------+--------------------+
; Option                                                                     ; Setting            ; Default Value      ;
+----------------------------------------------------------------------------+--------------------+--------------------+
; Device                                                                     ; EP4CE115F29C7      ;                    ;
; Top-level entity name                                                      ; MAIN               ; MAIN               ;
; Family name                                                                ; Cyclone IV E       ; Cyclone V          ;
; Use smart compilation                                                      ; Off                ; Off                ;
; Enable parallel Assembler and TimeQuest Timing Analyzer during compilation ; On                 ; On                 ;
; Enable compact report table                                                ; Off                ; Off                ;
; Restructure Multiplexers                                                   ; Auto               ; Auto               ;
; Create Debugging Nodes for IP Cores                                        ; Off                ; Off                ;
; Preserve fewer node names                                                  ; On                 ; On                 ;
; OpenCore Plus hardware evaluation                                          ; Enable             ; Enable             ;
; Verilog Version                                                            ; Verilog_2001       ; Verilog_2001       ;
; VHDL Version                                                               ; VHDL_1993          ; VHDL_1993          ;
; State Machine Processing                                                   ; Auto               ; Auto               ;
; Safe State Machine                                                         ; Off                ; Off                ;
; Extract Verilog State Machines                                             ; On                 ; On                 ;
; Extract VHDL State Machines                                                ; On                 ; On                 ;
; Ignore Verilog initial constructs                                          ; Off                ; Off                ;
; Iteration limit for constant Verilog loops                                 ; 5000               ; 5000               ;
; Iteration limit for non-constant Verilog loops                             ; 250                ; 250                ;
; Add Pass-Through Logic to Inferred RAMs                                    ; On                 ; On                 ;
; Infer RAMs from Raw Logic                                                  ; On                 ; On                 ;
; Parallel Synthesis                                                         ; On                 ; On                 ;
; DSP Block Balancing                                                        ; Auto               ; Auto               ;
; NOT Gate Push-Back                                                         ; On                 ; On                 ;
; Power-Up Don't Care                                                        ; On                 ; On                 ;
; Remove Redundant Logic Cells                                               ; Off                ; Off                ;
; Remove Duplicate Registers                                                 ; On                 ; On                 ;
; Ignore CARRY Buffers                                                       ; Off                ; Off                ;
; Ignore CASCADE Buffers                                                     ; Off                ; Off                ;
; Ignore GLOBAL Buffers                                                      ; Off                ; Off                ;
; Ignore ROW GLOBAL Buffers                                                  ; Off                ; Off                ;
; Ignore LCELL Buffers                                                       ; Off                ; Off                ;
; Ignore SOFT Buffers                                                        ; On                 ; On                 ;
; Limit AHDL Integers to 32 Bits                                             ; Off                ; Off                ;
; Optimization Technique                                                     ; Balanced           ; Balanced           ;
; Carry Chain Length                                                         ; 70                 ; 70                 ;
; Auto Carry Chains                                                          ; On                 ; On                 ;
; Auto Open-Drain Pins                                                       ; On                 ; On                 ;
; Perform WYSIWYG Primitive Resynthesis                                      ; Off                ; Off                ;
; Auto ROM Replacement                                                       ; On                 ; On                 ;
; Auto RAM Replacement                                                       ; On                 ; On                 ;
; Auto DSP Block Replacement                                                 ; On                 ; On                 ;
; Auto Shift Register Replacement                                            ; Auto               ; Auto               ;
; Allow Shift Register Merging across Hierarchies                            ; Auto               ; Auto               ;
; Auto Clock Enable Replacement                                              ; On                 ; On                 ;
; Strict RAM Replacement                                                     ; Off                ; Off                ;
; Allow Synchronous Control Signals                                          ; On                 ; On                 ;
; Force Use of Synchronous Clear Signals                                     ; Off                ; Off                ;
; Auto RAM Block Balancing                                                   ; On                 ; On                 ;
; Auto RAM to Logic Cell Conversion                                          ; Off                ; Off                ;
; Auto Resource Sharing                                                      ; Off                ; Off                ;
; Allow Any RAM Size For Recognition                                         ; Off                ; Off                ;
; Allow Any ROM Size For Recognition                                         ; Off                ; Off                ;
; Allow Any Shift Register Size For Recognition                              ; Off                ; Off                ;
; Use LogicLock Constraints during Resource Balancing                        ; On                 ; On                 ;
; Ignore translate_off and synthesis_off directives                          ; Off                ; Off                ;
; Timing-Driven Synthesis                                                    ; On                 ; On                 ;
; Report Parameter Settings                                                  ; On                 ; On                 ;
; Report Source Assignments                                                  ; On                 ; On                 ;
; Report Connectivity Checks                                                 ; On                 ; On                 ;
; Ignore Maximum Fan-Out Assignments                                         ; Off                ; Off                ;
; Synchronization Register Chain Length                                      ; 2                  ; 2                  ;
; PowerPlay Power Optimization During Synthesis                              ; Normal compilation ; Normal compilation ;
; HDL message level                                                          ; Level2             ; Level2             ;
; Suppress Register Optimization Related Messages                            ; Off                ; Off                ;
; Number of Removed Registers Reported in Synthesis Report                   ; 5000               ; 5000               ;
; Number of Swept Nodes Reported in Synthesis Report                         ; 5000               ; 5000               ;
; Number of Inverted Registers Reported in Synthesis Report                  ; 100                ; 100                ;
; Clock MUX Protection                                                       ; On                 ; On                 ;
; Auto Gated Clock Conversion                                                ; Off                ; Off                ;
; Block Design Naming                                                        ; Auto               ; Auto               ;
; SDC constraint protection                                                  ; Off                ; Off                ;
; Synthesis Effort                                                           ; Auto               ; Auto               ;
; Shift Register Replacement - Allow Asynchronous Clear Signal               ; On                 ; On                 ;
; Pre-Mapping Resynthesis Optimization                                       ; Off                ; Off                ;
; Analysis & Synthesis Message Level                                         ; Medium             ; Medium             ;
; Disable Register Merging Across Hierarchies                                ; Auto               ; Auto               ;
; Resource Aware Inference For Block RAM                                     ; On                 ; On                 ;
+----------------------------------------------------------------------------+--------------------+--------------------+


+------------------------------------------+
; Parallel Compilation                     ;
+----------------------------+-------------+
; Processors                 ; Number      ;
+----------------------------+-------------+
; Number detected on machine ; 4           ;
; Maximum allowed            ; 2           ;
;                            ;             ;
; Average used               ; 1.00        ;
; Maximum used               ; 2           ;
;                            ;             ;
; Usage by Processor         ; % Time Used ;
;     Processor 1            ; 100.0%      ;
;     Processor 2            ;   0.0%      ;
+----------------------------+-------------+


+--------------------------------------------------------------------------------------------------------------------------------------------------------------------+
; Analysis & Synthesis Source Files Read                                                                                                                             ;
+----------------------------------+-----------------+-----------------+-----------------------------------------------------------------------------------+---------+
; File Name with User-Entered Path ; Used in Netlist ; File Type       ; File Name with Absolute Path                                                      ; Library ;
+----------------------------------+-----------------+-----------------+-----------------------------------------------------------------------------------+---------+
; subENTIDADES/U_SOM_DECODE.vhd    ; yes             ; User VHDL File  ; D:/Users/dinho/Dropbox/ifsc/PI2/01_projeto/00_main/subENTIDADES/U_SOM_DECODE.vhd  ;         ;
; subENTIDADES/decode7seg.vhd      ; yes             ; User VHDL File  ; D:/Users/dinho/Dropbox/ifsc/PI2/01_projeto/00_main/subENTIDADES/decode7seg.vhd    ;         ;
; subENTIDADES/u_som.vhd           ; yes             ; User VHDL File  ; D:/Users/dinho/Dropbox/ifsc/PI2/01_projeto/00_main/subENTIDADES/u_som.vhd         ;         ;
; subENTIDADES/trigger.vhd         ; yes             ; User VHDL File  ; D:/Users/dinho/Dropbox/ifsc/PI2/01_projeto/00_main/subENTIDADES/trigger.vhd       ;         ;
; subENTIDADES/SELETOR.vhd         ; yes             ; User VHDL File  ; D:/Users/dinho/Dropbox/ifsc/PI2/01_projeto/00_main/subENTIDADES/SELETOR.vhd       ;         ;
; subENTIDADES/menu.vhd            ; yes             ; User VHDL File  ; D:/Users/dinho/Dropbox/ifsc/PI2/01_projeto/00_main/subENTIDADES/menu.vhd          ;         ;
; subENTIDADES/fsm_u_som.vhd       ; yes             ; User VHDL File  ; D:/Users/dinho/Dropbox/ifsc/PI2/01_projeto/00_main/subENTIDADES/fsm_u_som.vhd     ;         ;
; subENTIDADES/divideclock.vhd     ; yes             ; User VHDL File  ; D:/Users/dinho/Dropbox/ifsc/PI2/01_projeto/00_main/subENTIDADES/divideclock.vhd   ;         ;
; subENTIDADES/delay.vhd           ; yes             ; User VHDL File  ; D:/Users/dinho/Dropbox/ifsc/PI2/01_projeto/00_main/subENTIDADES/delay.vhd         ;         ;
; subENTIDADES/debouncer_pi.vhd    ; yes             ; User VHDL File  ; D:/Users/dinho/Dropbox/ifsc/PI2/01_projeto/00_main/subENTIDADES/debouncer_pi.vhd  ;         ;
; subENTIDADES/cont_pulse.vhd      ; yes             ; User VHDL File  ; D:/Users/dinho/Dropbox/ifsc/PI2/01_projeto/00_main/subENTIDADES/cont_pulse.vhd    ;         ;
; subENTIDADES/classificador.vhd   ; yes             ; User VHDL File  ; D:/Users/dinho/Dropbox/ifsc/PI2/01_projeto/00_main/subENTIDADES/classificador.vhd ;         ;
; MAIN.vhd                         ; yes             ; User VHDL File  ; D:/Users/dinho/Dropbox/ifsc/PI2/01_projeto/00_main/MAIN.vhd                       ;         ;
+----------------------------------+-----------------+-----------------+-----------------------------------------------------------------------------------+---------+


+--------------------------------------------------------------+
; Analysis & Synthesis Resource Usage Summary                  ;
+---------------------------------------------+----------------+
; Resource                                    ; Usage          ;
+---------------------------------------------+----------------+
; Estimated Total logic elements              ; 157            ;
;                                             ;                ;
; Total combinational functions               ; 156            ;
; Logic element usage by number of LUT inputs ;                ;
;     -- 4 input functions                    ; 52             ;
;     -- 3 input functions                    ; 15             ;
;     -- <=2 input functions                  ; 89             ;
;                                             ;                ;
; Logic elements by mode                      ;                ;
;     -- normal mode                          ; 98             ;
;     -- arithmetic mode                      ; 58             ;
;                                             ;                ;
; Total registers                             ; 71             ;
;     -- Dedicated logic registers            ; 71             ;
;     -- I/O registers                        ; 0              ;
;                                             ;                ;
; I/O pins                                    ; 64             ;
;                                             ;                ;
; Embedded Multiplier 9-bit elements          ; 0              ;
;                                             ;                ;
; Maximum fan-out node                        ; CLOCK_50~input ;
; Maximum fan-out                             ; 36             ;
; Total fan-out                               ; 780            ;
; Average fan-out                             ; 2.20           ;
+---------------------------------------------+----------------+


+---------------------------------------------------------------------------------------------------------------------------------------------------------------------------------------------------------------------------------------------------------------------+
; Analysis & Synthesis Resource Utilization by Entity                                                                                                                                                                                                                 ;
+-------------------------------------+---------------------+---------------------------+-------------+--------------+---------+-----------+------+--------------+---------------------------------------------------------------------+---------------+--------------+
; Compilation Hierarchy Node          ; Combinational ALUTs ; Dedicated Logic Registers ; Memory Bits ; DSP Elements ; DSP 9x9 ; DSP 18x18 ; Pins ; Virtual Pins ; Full Hierarchy Name                                                 ; Entity Name   ; Library Name ;
+-------------------------------------+---------------------+---------------------------+-------------+--------------+---------+-----------+------+--------------+---------------------------------------------------------------------+---------------+--------------+
; |MAIN                               ; 156 (0)             ; 71 (0)                    ; 0           ; 0            ; 0       ; 0         ; 64   ; 0            ; |MAIN                                                               ; MAIN          ; work         ;
;    |MENU:BLOCO_02|                  ; 14 (14)             ; 0 (0)                     ; 0           ; 0            ; 0       ; 0         ; 0    ; 0            ; |MAIN|MENU:BLOCO_02                                                 ; MENU          ; work         ;
;    |SELETOR:BLOCO_01|               ; 2 (2)               ; 3 (3)                     ; 0           ; 0            ; 0       ; 0         ; 0    ; 0            ; |MAIN|SELETOR:BLOCO_01                                              ; SELETOR       ; work         ;
;    |U_SOM_DECODE:BLOCO_03|          ; 105 (0)             ; 44 (0)                    ; 0           ; 0            ; 0       ; 0         ; 0    ; 0            ; |MAIN|U_SOM_DECODE:BLOCO_03                                         ; U_SOM_DECODE  ; work         ;
;       |decode7seg:BLOCO_02|         ; 14 (14)             ; 0 (0)                     ; 0           ; 0            ; 0       ; 0         ; 0    ; 0            ; |MAIN|U_SOM_DECODE:BLOCO_03|decode7seg:BLOCO_02                     ; decode7seg    ; work         ;
;       |u_som:BLOCO_01|              ; 91 (0)              ; 44 (0)                    ; 0           ; 0            ; 0       ; 0         ; 0    ; 0            ; |MAIN|U_SOM_DECODE:BLOCO_03|u_som:BLOCO_01                          ; u_som         ; work         ;
;          |classificador:CLASSIFICA| ; 26 (26)             ; 0 (0)                     ; 0           ; 0            ; 0       ; 0         ; 0    ; 0            ; |MAIN|U_SOM_DECODE:BLOCO_03|u_som:BLOCO_01|classificador:CLASSIFICA ; classificador ; work         ;
;          |cont_pulse:CONTADOR|      ; 16 (16)             ; 8 (8)                     ; 0           ; 0            ; 0       ; 0         ; 0    ; 0            ; |MAIN|U_SOM_DECODE:BLOCO_03|u_som:BLOCO_01|cont_pulse:CONTADOR      ; cont_pulse    ; work         ;
;          |delay:DECODE_DELAY|       ; 19 (19)             ; 15 (15)                   ; 0           ; 0            ; 0       ; 0         ; 0    ; 0            ; |MAIN|U_SOM_DECODE:BLOCO_03|u_som:BLOCO_01|delay:DECODE_DELAY       ; delay         ; work         ;
;          |divideclock:CLOCK_DIVIDE| ; 16 (16)             ; 12 (12)                   ; 0           ; 0            ; 0       ; 0         ; 0    ; 0            ; |MAIN|U_SOM_DECODE:BLOCO_03|u_som:BLOCO_01|divideclock:CLOCK_DIVIDE ; divideclock   ; work         ;
;          |fsm_u_som:FSM|            ; 13 (13)             ; 7 (7)                     ; 0           ; 0            ; 0       ; 0         ; 0    ; 0            ; |MAIN|U_SOM_DECODE:BLOCO_03|u_som:BLOCO_01|fsm_u_som:FSM            ; fsm_u_som     ; work         ;
;          |trigger:DECODE_TRIGG|     ; 1 (1)               ; 2 (2)                     ; 0           ; 0            ; 0       ; 0         ; 0    ; 0            ; |MAIN|U_SOM_DECODE:BLOCO_03|u_som:BLOCO_01|trigger:DECODE_TRIGG     ; trigger       ; work         ;
;    |debouncer_pi:BLOCO_00|          ; 35 (35)             ; 24 (24)                   ; 0           ; 0            ; 0       ; 0         ; 0    ; 0            ; |MAIN|debouncer_pi:BLOCO_00                                         ; debouncer_pi  ; work         ;
+-------------------------------------+---------------------+---------------------------+-------------+--------------+---------+-----------+------+--------------+---------------------------------------------------------------------+---------------+--------------+
Note: For table entries with two numbers listed, the numbers in parentheses indicate the number of resources of the given type used by the specific entity alone. The numbers listed outside of parentheses indicate the total resources of the given type used by the specific entity and all of its sub-entities in the hierarchy.


Encoding Type:  One-Hot
+--------------------------------------------------------------------------------------------------------------------------------------------------------------------------+
; State Machine - |MAIN|U_SOM_DECODE:BLOCO_03|u_som:BLOCO_01|fsm_u_som:FSM|pr_state                                                                                        ;
+-----------------------+----------------+-----------------------+--------------------+----------------------+--------------------+----------------------+-----------------+
; Name                  ; pr_state.delay ; pr_state.inicia_delay ; pr_state.mede_echo ; pr_state.espera_echo ; pr_state.gera_trig ; pr_state.inicia_trig ; pr_state.inicio ;
+-----------------------+----------------+-----------------------+--------------------+----------------------+--------------------+----------------------+-----------------+
; pr_state.inicio       ; 0              ; 0                     ; 0                  ; 0                    ; 0                  ; 0                    ; 0               ;
; pr_state.inicia_trig  ; 0              ; 0                     ; 0                  ; 0                    ; 0                  ; 1                    ; 1               ;
; pr_state.gera_trig    ; 0              ; 0                     ; 0                  ; 0                    ; 1                  ; 0                    ; 1               ;
; pr_state.espera_echo  ; 0              ; 0                     ; 0                  ; 1                    ; 0                  ; 0                    ; 1               ;
; pr_state.mede_echo    ; 0              ; 0                     ; 1                  ; 0                    ; 0                  ; 0                    ; 1               ;
; pr_state.inicia_delay ; 0              ; 1                     ; 0                  ; 0                    ; 0                  ; 0                    ; 1               ;
; pr_state.delay        ; 1              ; 0                     ; 0                  ; 0                    ; 0                  ; 0                    ; 1               ;
+-----------------------+----------------+-----------------------+--------------------+----------------------+--------------------+----------------------+-----------------+


Encoding Type:  One-Hot
+-------------------------------------------------------------------+
; State Machine - |MAIN|SELETOR:BLOCO_01|ESTADO                     ;
+----------------+----------------+----------------+----------------+
; Name           ; ESTADO.CASO_03 ; ESTADO.CASO_02 ; ESTADO.CASO_01 ;
+----------------+----------------+----------------+----------------+
; ESTADO.CASO_01 ; 0              ; 0              ; 0              ;
; ESTADO.CASO_02 ; 0              ; 1              ; 1              ;
; ESTADO.CASO_03 ; 1              ; 0              ; 1              ;
+----------------+----------------+----------------+----------------+


+-----------------------------------------------------------------------------------------------------------------------------------------------------+
; User-Specified and Inferred Latches                                                                                                                 ;
+---------------------------------------------------------------+------------------------------------------------------------+------------------------+
; Latch Name                                                    ; Latch Enable Signal                                        ; Free of Timing Hazards ;
+---------------------------------------------------------------+------------------------------------------------------------+------------------------+
; U_SOM_DECODE:BLOCO_03|u_som:BLOCO_01|fsm_u_som:FSM|S_RST_ECHO ; U_SOM_DECODE:BLOCO_03|u_som:BLOCO_01|fsm_u_som:FSM|WideOr1 ; yes                    ;
; U_SOM_DECODE:BLOCO_03|u_som:BLOCO_01|fsm_u_som:FSM|S_EN_TRIG  ; U_SOM_DECODE:BLOCO_03|u_som:BLOCO_01|fsm_u_som:FSM|WideOr0 ; yes                    ;
; U_SOM_DECODE:BLOCO_03|u_som:BLOCO_01|fsm_u_som:FSM|S_EN_DELAY ; U_SOM_DECODE:BLOCO_03|u_som:BLOCO_01|fsm_u_som:FSM|WideOr2 ; yes                    ;
; Number of user-specified and inferred latches = 3             ;                                                            ;                        ;
+---------------------------------------------------------------+------------------------------------------------------------+------------------------+
Note: All latches listed above may not be present at the end of synthesis due to various synthesis optimizations.


+------------------------------------------------------+
; General Register Statistics                          ;
+----------------------------------------------+-------+
; Statistic                                    ; Value ;
+----------------------------------------------+-------+
; Total registers                              ; 71    ;
; Number of registers using Synchronous Clear  ; 48    ;
; Number of registers using Synchronous Load   ; 0     ;
; Number of registers using Asynchronous Clear ; 15    ;
; Number of registers using Asynchronous Load  ; 0     ;
; Number of registers using Clock Enable       ; 44    ;
; Number of registers using Preset             ; 0     ;
+----------------------------------------------+-------+


+----------------------------------------------------------------------------------------------------------------------------------------------------------------------------------------+
; Multiplexer Restructuring Statistics (Restructuring Performed)                                                                                                                         ;
+--------------------+-----------+---------------+----------------------+------------------------+------------+--------------------------------------------------------------------------+
; Multiplexer Inputs ; Bus Width ; Baseline Area ; Area if Restructured ; Saving if Restructured ; Registered ; Example Multiplexer Output                                               ;
+--------------------+-----------+---------------+----------------------+------------------------+------------+--------------------------------------------------------------------------+
; 3:1                ; 14 bits   ; 28 LEs        ; 14 LEs               ; 14 LEs                 ; Yes        ; |MAIN|U_SOM_DECODE:BLOCO_03|u_som:BLOCO_01|delay:DECODE_DELAY|counter[6] ;
; 5:1                ; 23 bits   ; 69 LEs        ; 23 LEs               ; 46 LEs                 ; Yes        ; |MAIN|debouncer_pi:BLOCO_00|counter[4]                                   ;
+--------------------+-----------+---------------+----------------------+------------------------+------------+--------------------------------------------------------------------------+


+--------------------------------------------------------------------+
; Parameter Settings for User Entity Instance: debouncer_pi:BLOCO_00 ;
+----------------+----------+----------------------------------------+
; Parameter Name ; Value    ; Type                                   ;
+----------------+----------+----------------------------------------+
; freqin         ; 50000000 ; Signed Integer                         ;
; delay          ; 100      ; Signed Integer                         ;
; defaultstate   ; '0'      ; Enumerated                             ;
+----------------+----------+----------------------------------------+
Note: In order to hide this table in the UI and the text report file, please set the "Show Parameter Settings in Synthesis Report" option in "Analysis and Synthesis Settings -> More Settings" to "Off".


+-----------------------------------------------------------------------------------+
; Parameter Settings for User Entity Instance: U_SOM_DECODE:BLOCO_03|u_som:BLOCO_01 ;
+----------------+-------+----------------------------------------------------------+
; Parameter Name ; Value ; Type                                                     ;
+----------------+-------+----------------------------------------------------------+
; n              ; 8     ; Signed Integer                                           ;
+----------------+-------+----------------------------------------------------------+
Note: In order to hide this table in the UI and the text report file, please set the "Show Parameter Settings in Synthesis Report" option in "Analysis and Synthesis Settings -> More Settings" to "Off".


+------------------------------------------------------------------------------------------------------------+
; Parameter Settings for User Entity Instance: U_SOM_DECODE:BLOCO_03|u_som:BLOCO_01|divideclock:CLOCK_DIVIDE ;
+----------------+----------+--------------------------------------------------------------------------------+
; Parameter Name ; Value    ; Type                                                                           ;
+----------------+----------+--------------------------------------------------------------------------------+
; freqin         ; 50000000 ; Signed Integer                                                                 ;
; freqout        ; 17000    ; Signed Integer                                                                 ;
+----------------+----------+--------------------------------------------------------------------------------+
Note: In order to hide this table in the UI and the text report file, please set the "Show Parameter Settings in Synthesis Report" option in "Analysis and Synthesis Settings -> More Settings" to "Off".


+-------------------------------------------------------------------------------------------------------+
; Parameter Settings for User Entity Instance: U_SOM_DECODE:BLOCO_03|u_som:BLOCO_01|cont_pulse:CONTADOR ;
+----------------+-------+------------------------------------------------------------------------------+
; Parameter Name ; Value ; Type                                                                         ;
+----------------+-------+------------------------------------------------------------------------------+
; n              ; 8     ; Signed Integer                                                               ;
+----------------+-------+------------------------------------------------------------------------------+
Note: In order to hide this table in the UI and the text report file, please set the "Show Parameter Settings in Synthesis Report" option in "Analysis and Synthesis Settings -> More Settings" to "Off".


+------------------------------------------------------------------------------------------------------+
; Parameter Settings for User Entity Instance: U_SOM_DECODE:BLOCO_03|u_som:BLOCO_01|delay:DECODE_DELAY ;
+----------------+-------+-----------------------------------------------------------------------------+
; Parameter Name ; Value ; Type                                                                        ;
+----------------+-------+-----------------------------------------------------------------------------+
; delay_width    ; 8500  ; Signed Integer                                                              ;
+----------------+-------+-----------------------------------------------------------------------------+
Note: In order to hide this table in the UI and the text report file, please set the "Show Parameter Settings in Synthesis Report" option in "Analysis and Synthesis Settings -> More Settings" to "Off".


+--------------------------------------------------------------------------------------------------------+
; Parameter Settings for User Entity Instance: U_SOM_DECODE:BLOCO_03|u_som:BLOCO_01|trigger:DECODE_TRIGG ;
+----------------+-------+-------------------------------------------------------------------------------+
; Parameter Name ; Value ; Type                                                                          ;
+----------------+-------+-------------------------------------------------------------------------------+
; pulse_width    ; 1     ; Signed Integer                                                                ;
+----------------+-------+-------------------------------------------------------------------------------+
Note: In order to hide this table in the UI and the text report file, please set the "Show Parameter Settings in Synthesis Report" option in "Analysis and Synthesis Settings -> More Settings" to "Off".


+---------------------------------------------------------------------------------------------------------------------+
; Port Connectivity Checks: "U_SOM_DECODE:BLOCO_03|u_som:BLOCO_01"                                                    ;
+-----------+--------+----------+-------------------------------------------------------------------------------------+
; Port      ; Type   ; Severity ; Details                                                                             ;
+-----------+--------+----------+-------------------------------------------------------------------------------------+
; bcd[9..8] ; Output ; Info     ; Connected to dangling logic. Logic that only feeds a dangling port will be removed. ;
+-----------+--------+----------+-------------------------------------------------------------------------------------+


+-----------------------------------------------------+
; Post-Synthesis Netlist Statistics for Top Partition ;
+-----------------------+-----------------------------+
; Type                  ; Count                       ;
+-----------------------+-----------------------------+
; boundary_port         ; 64                          ;
; cycloneiii_ff         ; 71                          ;
;     CLR               ; 8                           ;
;     ENA CLR           ; 7                           ;
;     ENA SCLR          ; 37                          ;
;     SCLR              ; 11                          ;
;     plain             ; 8                           ;
; cycloneiii_lcell_comb ; 161                         ;
;     arith             ; 58                          ;
;         2 data inputs ; 57                          ;
;         3 data inputs ; 1                           ;
;     normal            ; 103                         ;
;         0 data inputs ; 2                           ;
;         1 data inputs ; 10                          ;
;         2 data inputs ; 25                          ;
;         3 data inputs ; 14                          ;
;         4 data inputs ; 52                          ;
;                       ;                             ;
; Max LUT depth         ; 9.70                        ;
; Average LUT depth     ; 4.22                        ;
+-----------------------+-----------------------------+


+-------------------------------+
; Elapsed Time Per Partition    ;
+----------------+--------------+
; Partition Name ; Elapsed Time ;
+----------------+--------------+
; Top            ; 00:00:01     ;
+----------------+--------------+


+-------------------------------+
; Analysis & Synthesis Messages ;
+-------------------------------+
Info: *******************************************************************
Info: Running Quartus Prime Analysis & Synthesis
    Info: Version 16.1.0 Build 196 10/24/2016 SJ Lite Edition
    Info: Processing started: Tue Apr 25 08:37:39 2017
Info: Command: quartus_map --read_settings_files=on --write_settings_files=off MAIN -c MAIN
Warning (18236): Number of processors has not been specified which may cause overloading on shared machines.  Set the global assignment NUM_PARALLEL_PROCESSORS in your QSF to an appropriate value for best performance.
Info (20030): Parallel compilation is enabled and will use 2 of the 2 processors detected
Info (12021): Found 2 design units, including 1 entities, in source file subentidades/u_som_decode.vhd
    Info (12022): Found design unit 1: U_SOM_DECODE-HARDWARE File: D:/Users/dinho/Dropbox/ifsc/PI2/01_projeto/00_main/subENTIDADES/U_SOM_DECODE.vhd Line: 30
    Info (12023): Found entity 1: U_SOM_DECODE File: D:/Users/dinho/Dropbox/ifsc/PI2/01_projeto/00_main/subENTIDADES/U_SOM_DECODE.vhd Line: 18
Info (12021): Found 2 design units, including 1 entities, in source file subentidades/decode7seg.vhd
    Info (12022): Found design unit 1: decode7seg-HARDWARE File: D:/Users/dinho/Dropbox/ifsc/PI2/01_projeto/00_main/subENTIDADES/decode7seg.vhd Line: 28
    Info (12023): Found entity 1: decode7seg File: D:/Users/dinho/Dropbox/ifsc/PI2/01_projeto/00_main/subENTIDADES/decode7seg.vhd Line: 17
Info (12021): Found 2 design units, including 1 entities, in source file subentidades/u_som.vhd
    Info (12022): Found design unit 1: u_som-HARDWARE File: D:/Users/dinho/Dropbox/ifsc/PI2/01_projeto/00_main/subENTIDADES/u_som.vhd Line: 34
    Info (12023): Found entity 1: u_som File: D:/Users/dinho/Dropbox/ifsc/PI2/01_projeto/00_main/subENTIDADES/u_som.vhd Line: 20
Info (12021): Found 2 design units, including 1 entities, in source file subentidades/trigger.vhd
    Info (12022): Found design unit 1: trigger-HARDWARE File: D:/Users/dinho/Dropbox/ifsc/PI2/01_projeto/00_main/subENTIDADES/trigger.vhd Line: 28
    Info (12023): Found entity 1: trigger File: D:/Users/dinho/Dropbox/ifsc/PI2/01_projeto/00_main/subENTIDADES/trigger.vhd Line: 17
Info (12021): Found 2 design units, including 1 entities, in source file subentidades/seletor.vhd
    Info (12022): Found design unit 1: SELETOR-HARDWARE File: D:/Users/dinho/Dropbox/ifsc/PI2/01_projeto/00_main/subENTIDADES/SELETOR.vhd Line: 24
    Info (12023): Found entity 1: SELETOR File: D:/Users/dinho/Dropbox/ifsc/PI2/01_projeto/00_main/subENTIDADES/SELETOR.vhd Line: 15
Info (12021): Found 2 design units, including 1 entities, in source file subentidades/menu.vhd
    Info (12022): Found design unit 1: MENU-HARDWARE File: D:/Users/dinho/Dropbox/ifsc/PI2/01_projeto/00_main/subENTIDADES/menu.vhd Line: 35
    Info (12023): Found entity 1: MENU File: D:/Users/dinho/Dropbox/ifsc/PI2/01_projeto/00_main/subENTIDADES/menu.vhd Line: 15
Info (12021): Found 2 design units, including 1 entities, in source file subentidades/fsm_u_som.vhd
    Info (12022): Found design unit 1: fsm_u_som-HARDWARE File: D:/Users/dinho/Dropbox/ifsc/PI2/01_projeto/00_main/subENTIDADES/fsm_u_som.vhd Line: 31
    Info (12023): Found entity 1: fsm_u_som File: D:/Users/dinho/Dropbox/ifsc/PI2/01_projeto/00_main/subENTIDADES/fsm_u_som.vhd Line: 19
Info (12021): Found 2 design units, including 1 entities, in source file subentidades/divideclock.vhd
    Info (12022): Found design unit 1: divideclock-HARDWARE File: D:/Users/dinho/Dropbox/ifsc/PI2/01_projeto/00_main/subENTIDADES/divideclock.vhd Line: 31
    Info (12023): Found entity 1: divideclock File: D:/Users/dinho/Dropbox/ifsc/PI2/01_projeto/00_main/subENTIDADES/divideclock.vhd Line: 21
Info (12021): Found 2 design units, including 1 entities, in source file subentidades/delay.vhd
    Info (12022): Found design unit 1: delay-HARDWARE File: D:/Users/dinho/Dropbox/ifsc/PI2/01_projeto/00_main/subENTIDADES/delay.vhd Line: 33
    Info (12023): Found entity 1: delay File: D:/Users/dinho/Dropbox/ifsc/PI2/01_projeto/00_main/subENTIDADES/delay.vhd Line: 19
Info (12021): Found 2 design units, including 1 entities, in source file subentidades/debouncer_pi.vhd
    Info (12022): Found design unit 1: debouncer_pi-behavior File: D:/Users/dinho/Dropbox/ifsc/PI2/01_projeto/00_main/subENTIDADES/debouncer_pi.vhd Line: 19
    Info (12023): Found entity 1: debouncer_pi File: D:/Users/dinho/Dropbox/ifsc/PI2/01_projeto/00_main/subENTIDADES/debouncer_pi.vhd Line: 6
Info (12021): Found 2 design units, including 1 entities, in source file subentidades/cont_pulse.vhd
    Info (12022): Found design unit 1: cont_pulse-HARDWARE File: D:/Users/dinho/Dropbox/ifsc/PI2/01_projeto/00_main/subENTIDADES/cont_pulse.vhd Line: 32
    Info (12023): Found entity 1: cont_pulse File: D:/Users/dinho/Dropbox/ifsc/PI2/01_projeto/00_main/subENTIDADES/cont_pulse.vhd Line: 20
Info (12021): Found 2 design units, including 1 entities, in source file subentidades/classificador.vhd
    Info (12022): Found design unit 1: classificador-HARDWARE File: D:/Users/dinho/Dropbox/ifsc/PI2/01_projeto/00_main/subENTIDADES/classificador.vhd Line: 34
    Info (12023): Found entity 1: classificador File: D:/Users/dinho/Dropbox/ifsc/PI2/01_projeto/00_main/subENTIDADES/classificador.vhd Line: 24
Info (12021): Found 2 design units, including 1 entities, in source file main.vhd
    Info (12022): Found design unit 1: MAIN-HARDWARE File: D:/Users/dinho/Dropbox/ifsc/PI2/01_projeto/00_main/MAIN.vhd Line: 42
    Info (12023): Found entity 1: MAIN File: D:/Users/dinho/Dropbox/ifsc/PI2/01_projeto/00_main/MAIN.vhd Line: 19
Info (12127): Elaborating entity "MAIN" for the top level hierarchy
Info (12128): Elaborating entity "debouncer_pi" for hierarchy "debouncer_pi:BLOCO_00" File: D:/Users/dinho/Dropbox/ifsc/PI2/01_projeto/00_main/MAIN.vhd Line: 52
Info (12128): Elaborating entity "SELETOR" for hierarchy "SELETOR:BLOCO_01" File: D:/Users/dinho/Dropbox/ifsc/PI2/01_projeto/00_main/MAIN.vhd Line: 61
Info (12128): Elaborating entity "MENU" for hierarchy "MENU:BLOCO_02" File: D:/Users/dinho/Dropbox/ifsc/PI2/01_projeto/00_main/MAIN.vhd Line: 69
Info (12128): Elaborating entity "U_SOM_DECODE" for hierarchy "U_SOM_DECODE:BLOCO_03" File: D:/Users/dinho/Dropbox/ifsc/PI2/01_projeto/00_main/MAIN.vhd Line: 87
Info (12128): Elaborating entity "u_som" for hierarchy "U_SOM_DECODE:BLOCO_03|u_som:BLOCO_01" File: D:/Users/dinho/Dropbox/ifsc/PI2/01_projeto/00_main/subENTIDADES/U_SOM_DECODE.vhd Line: 41
Info (12128): Elaborating entity "divideclock" for hierarchy "U_SOM_DECODE:BLOCO_03|u_som:BLOCO_01|divideclock:CLOCK_DIVIDE" File: D:/Users/dinho/Dropbox/ifsc/PI2/01_projeto/00_main/subENTIDADES/u_som.vhd Line: 48
Info (12128): Elaborating entity "fsm_u_som" for hierarchy "U_SOM_DECODE:BLOCO_03|u_som:BLOCO_01|fsm_u_som:FSM" File: D:/Users/dinho/Dropbox/ifsc/PI2/01_projeto/00_main/subENTIDADES/u_som.vhd Line: 52
Warning (10492): VHDL Process Statement warning at fsm_u_som.vhd(63): signal "RST" is read inside the Process Statement but isn't in the Process Statement's sensitivity list File: D:/Users/dinho/Dropbox/ifsc/PI2/01_projeto/00_main/subENTIDADES/fsm_u_som.vhd Line: 63
Warning (10492): VHDL Process Statement warning at fsm_u_som.vhd(65): signal "RST" is read inside the Process Statement but isn't in the Process Statement's sensitivity list File: D:/Users/dinho/Dropbox/ifsc/PI2/01_projeto/00_main/subENTIDADES/fsm_u_som.vhd Line: 65
Warning (10492): VHDL Process Statement warning at fsm_u_som.vhd(74): signal "E_SINAL_TRIG" is read inside the Process Statement but isn't in the Process Statement's sensitivity list File: D:/Users/dinho/Dropbox/ifsc/PI2/01_projeto/00_main/subENTIDADES/fsm_u_som.vhd Line: 74
Warning (10492): VHDL Process Statement warning at fsm_u_som.vhd(76): signal "E_SINAL_TRIG" is read inside the Process Statement but isn't in the Process Statement's sensitivity list File: D:/Users/dinho/Dropbox/ifsc/PI2/01_projeto/00_main/subENTIDADES/fsm_u_som.vhd Line: 76
Warning (10492): VHDL Process Statement warning at fsm_u_som.vhd(84): signal "E_SINAL_TRIG" is read inside the Process Statement but isn't in the Process Statement's sensitivity list File: D:/Users/dinho/Dropbox/ifsc/PI2/01_projeto/00_main/subENTIDADES/fsm_u_som.vhd Line: 84
Warning (10492): VHDL Process Statement warning at fsm_u_som.vhd(86): signal "E_SINAL_TRIG" is read inside the Process Statement but isn't in the Process Statement's sensitivity list File: D:/Users/dinho/Dropbox/ifsc/PI2/01_projeto/00_main/subENTIDADES/fsm_u_som.vhd Line: 86
Warning (10492): VHDL Process Statement warning at fsm_u_som.vhd(95): signal "E_SINAL_ECHO" is read inside the Process Statement but isn't in the Process Statement's sensitivity list File: D:/Users/dinho/Dropbox/ifsc/PI2/01_projeto/00_main/subENTIDADES/fsm_u_som.vhd Line: 95
Warning (10492): VHDL Process Statement warning at fsm_u_som.vhd(97): signal "E_SINAL_ECHO" is read inside the Process Statement but isn't in the Process Statement's sensitivity list File: D:/Users/dinho/Dropbox/ifsc/PI2/01_projeto/00_main/subENTIDADES/fsm_u_som.vhd Line: 97
Warning (10492): VHDL Process Statement warning at fsm_u_som.vhd(106): signal "E_SINAL_ECHO" is read inside the Process Statement but isn't in the Process Statement's sensitivity list File: D:/Users/dinho/Dropbox/ifsc/PI2/01_projeto/00_main/subENTIDADES/fsm_u_som.vhd Line: 106
Warning (10492): VHDL Process Statement warning at fsm_u_som.vhd(108): signal "E_SINAL_ECHO" is read inside the Process Statement but isn't in the Process Statement's sensitivity list File: D:/Users/dinho/Dropbox/ifsc/PI2/01_projeto/00_main/subENTIDADES/fsm_u_som.vhd Line: 108
Warning (10492): VHDL Process Statement warning at fsm_u_som.vhd(117): signal "E_SINAL_DELAY" is read inside the Process Statement but isn't in the Process Statement's sensitivity list File: D:/Users/dinho/Dropbox/ifsc/PI2/01_projeto/00_main/subENTIDADES/fsm_u_som.vhd Line: 117
Warning (10492): VHDL Process Statement warning at fsm_u_som.vhd(119): signal "E_SINAL_DELAY" is read inside the Process Statement but isn't in the Process Statement's sensitivity list File: D:/Users/dinho/Dropbox/ifsc/PI2/01_projeto/00_main/subENTIDADES/fsm_u_som.vhd Line: 119
Warning (10492): VHDL Process Statement warning at fsm_u_som.vhd(126): signal "E_SINAL_DELAY" is read inside the Process Statement but isn't in the Process Statement's sensitivity list File: D:/Users/dinho/Dropbox/ifsc/PI2/01_projeto/00_main/subENTIDADES/fsm_u_som.vhd Line: 126
Warning (10492): VHDL Process Statement warning at fsm_u_som.vhd(128): signal "E_SINAL_DELAY" is read inside the Process Statement but isn't in the Process Statement's sensitivity list File: D:/Users/dinho/Dropbox/ifsc/PI2/01_projeto/00_main/subENTIDADES/fsm_u_som.vhd Line: 128
Warning (10631): VHDL Process Statement warning at fsm_u_som.vhd(53): inferring latch(es) for signal or variable "S_EN_TRIG", which holds its previous value in one or more paths through the process File: D:/Users/dinho/Dropbox/ifsc/PI2/01_projeto/00_main/subENTIDADES/fsm_u_som.vhd Line: 53
Warning (10631): VHDL Process Statement warning at fsm_u_som.vhd(53): inferring latch(es) for signal or variable "S_RST_ECHO", which holds its previous value in one or more paths through the process File: D:/Users/dinho/Dropbox/ifsc/PI2/01_projeto/00_main/subENTIDADES/fsm_u_som.vhd Line: 53
Warning (10631): VHDL Process Statement warning at fsm_u_som.vhd(53): inferring latch(es) for signal or variable "S_EN_DELAY", which holds its previous value in one or more paths through the process File: D:/Users/dinho/Dropbox/ifsc/PI2/01_projeto/00_main/subENTIDADES/fsm_u_som.vhd Line: 53
Warning (10631): VHDL Process Statement warning at fsm_u_som.vhd(53): inferring latch(es) for signal or variable "nx_state", which holds its previous value in one or more paths through the process File: D:/Users/dinho/Dropbox/ifsc/PI2/01_projeto/00_main/subENTIDADES/fsm_u_som.vhd Line: 53
Info (10041): Inferred latch for "nx_state.delay" at fsm_u_som.vhd(53) File: D:/Users/dinho/Dropbox/ifsc/PI2/01_projeto/00_main/subENTIDADES/fsm_u_som.vhd Line: 53
Info (10041): Inferred latch for "nx_state.inicia_delay" at fsm_u_som.vhd(53) File: D:/Users/dinho/Dropbox/ifsc/PI2/01_projeto/00_main/subENTIDADES/fsm_u_som.vhd Line: 53
Info (10041): Inferred latch for "nx_state.mede_echo" at fsm_u_som.vhd(53) File: D:/Users/dinho/Dropbox/ifsc/PI2/01_projeto/00_main/subENTIDADES/fsm_u_som.vhd Line: 53
Info (10041): Inferred latch for "nx_state.espera_echo" at fsm_u_som.vhd(53) File: D:/Users/dinho/Dropbox/ifsc/PI2/01_projeto/00_main/subENTIDADES/fsm_u_som.vhd Line: 53
Info (10041): Inferred latch for "nx_state.gera_trig" at fsm_u_som.vhd(53) File: D:/Users/dinho/Dropbox/ifsc/PI2/01_projeto/00_main/subENTIDADES/fsm_u_som.vhd Line: 53
Info (10041): Inferred latch for "nx_state.inicia_trig" at fsm_u_som.vhd(53) File: D:/Users/dinho/Dropbox/ifsc/PI2/01_projeto/00_main/subENTIDADES/fsm_u_som.vhd Line: 53
Info (10041): Inferred latch for "nx_state.inicio" at fsm_u_som.vhd(53) File: D:/Users/dinho/Dropbox/ifsc/PI2/01_projeto/00_main/subENTIDADES/fsm_u_som.vhd Line: 53
Info (10041): Inferred latch for "S_EN_DELAY" at fsm_u_som.vhd(53) File: D:/Users/dinho/Dropbox/ifsc/PI2/01_projeto/00_main/subENTIDADES/fsm_u_som.vhd Line: 53
Info (10041): Inferred latch for "S_RST_ECHO" at fsm_u_som.vhd(53) File: D:/Users/dinho/Dropbox/ifsc/PI2/01_projeto/00_main/subENTIDADES/fsm_u_som.vhd Line: 53
Info (10041): Inferred latch for "S_EN_TRIG" at fsm_u_som.vhd(53) File: D:/Users/dinho/Dropbox/ifsc/PI2/01_projeto/00_main/subENTIDADES/fsm_u_som.vhd Line: 53
Info (12128): Elaborating entity "cont_pulse" for hierarchy "U_SOM_DECODE:BLOCO_03|u_som:BLOCO_01|cont_pulse:CONTADOR" File: D:/Users/dinho/Dropbox/ifsc/PI2/01_projeto/00_main/subENTIDADES/u_som.vhd Line: 56
Warning (10492): VHDL Process Statement warning at cont_pulse.vhd(40): signal "EN" is read inside the Process Statement but isn't in the Process Statement's sensitivity list File: D:/Users/dinho/Dropbox/ifsc/PI2/01_projeto/00_main/subENTIDADES/cont_pulse.vhd Line: 40
Info (12128): Elaborating entity "delay" for hierarchy "U_SOM_DECODE:BLOCO_03|u_som:BLOCO_01|delay:DECODE_DELAY" File: D:/Users/dinho/Dropbox/ifsc/PI2/01_projeto/00_main/subENTIDADES/u_som.vhd Line: 61
Info (12128): Elaborating entity "trigger" for hierarchy "U_SOM_DECODE:BLOCO_03|u_som:BLOCO_01|trigger:DECODE_TRIGG" File: D:/Users/dinho/Dropbox/ifsc/PI2/01_projeto/00_main/subENTIDADES/u_som.vhd Line: 66
Info (12128): Elaborating entity "classificador" for hierarchy "U_SOM_DECODE:BLOCO_03|u_som:BLOCO_01|classificador:CLASSIFICA" File: D:/Users/dinho/Dropbox/ifsc/PI2/01_projeto/00_main/subENTIDADES/u_som.vhd Line: 71
Info (12128): Elaborating entity "decode7seg" for hierarchy "U_SOM_DECODE:BLOCO_03|decode7seg:BLOCO_02" File: D:/Users/dinho/Dropbox/ifsc/PI2/01_projeto/00_main/subENTIDADES/U_SOM_DECODE.vhd Line: 44
Warning (13012): Latch U_SOM_DECODE:BLOCO_03|u_som:BLOCO_01|fsm_u_som:FSM|S_RST_ECHO has unsafe behavior File: D:/Users/dinho/Dropbox/ifsc/PI2/01_projeto/00_main/subENTIDADES/fsm_u_som.vhd Line: 24
    Warning (13013): Ports D and ENA on the latch are fed by the same signal U_SOM_DECODE:BLOCO_03|u_som:BLOCO_01|fsm_u_som:FSM|pr_state.espera_echo File: D:/Users/dinho/Dropbox/ifsc/PI2/01_projeto/00_main/subENTIDADES/fsm_u_som.vhd Line: 37
Warning (13012): Latch U_SOM_DECODE:BLOCO_03|u_som:BLOCO_01|fsm_u_som:FSM|S_EN_TRIG has unsafe behavior File: D:/Users/dinho/Dropbox/ifsc/PI2/01_projeto/00_main/subENTIDADES/fsm_u_som.vhd Line: 24
    Warning (13013): Ports D and ENA on the latch are fed by the same signal U_SOM_DECODE:BLOCO_03|u_som:BLOCO_01|fsm_u_som:FSM|pr_state.inicia_trig File: D:/Users/dinho/Dropbox/ifsc/PI2/01_projeto/00_main/subENTIDADES/fsm_u_som.vhd Line: 37
Warning (13012): Latch U_SOM_DECODE:BLOCO_03|u_som:BLOCO_01|fsm_u_som:FSM|S_EN_DELAY has unsafe behavior File: D:/Users/dinho/Dropbox/ifsc/PI2/01_projeto/00_main/subENTIDADES/fsm_u_som.vhd Line: 24
    Warning (13013): Ports D and ENA on the latch are fed by the same signal U_SOM_DECODE:BLOCO_03|u_som:BLOCO_01|fsm_u_som:FSM|pr_state.inicia_delay File: D:/Users/dinho/Dropbox/ifsc/PI2/01_projeto/00_main/subENTIDADES/fsm_u_som.vhd Line: 37
Warning (13024): Output pins are stuck at VCC or GND
    Warning (13410): Pin "HEX7[0]" is stuck at GND File: D:/Users/dinho/Dropbox/ifsc/PI2/01_projeto/00_main/MAIN.vhd Line: 24
    Warning (13410): Pin "HEX7[4]" is stuck at GND File: D:/Users/dinho/Dropbox/ifsc/PI2/01_projeto/00_main/MAIN.vhd Line: 24
    Warning (13410): Pin "HEX7[5]" is stuck at GND File: D:/Users/dinho/Dropbox/ifsc/PI2/01_projeto/00_main/MAIN.vhd Line: 24
    Warning (13410): Pin "HEX6[3]" is stuck at GND File: D:/Users/dinho/Dropbox/ifsc/PI2/01_projeto/00_main/MAIN.vhd Line: 25
    Warning (13410): Pin "HEX6[4]" is stuck at GND File: D:/Users/dinho/Dropbox/ifsc/PI2/01_projeto/00_main/MAIN.vhd Line: 25
    Warning (13410): Pin "HEX5[1]" is stuck at VCC File: D:/Users/dinho/Dropbox/ifsc/PI2/01_projeto/00_main/MAIN.vhd Line: 26
    Warning (13410): Pin "HEX5[6]" is stuck at GND File: D:/Users/dinho/Dropbox/ifsc/PI2/01_projeto/00_main/MAIN.vhd Line: 26
    Warning (13410): Pin "HEX4[0]" is stuck at VCC File: D:/Users/dinho/Dropbox/ifsc/PI2/01_projeto/00_main/MAIN.vhd Line: 27
    Warning (13410): Pin "HEX4[1]" is stuck at VCC File: D:/Users/dinho/Dropbox/ifsc/PI2/01_projeto/00_main/MAIN.vhd Line: 27
    Warning (13410): Pin "HEX4[5]" is stuck at VCC File: D:/Users/dinho/Dropbox/ifsc/PI2/01_projeto/00_main/MAIN.vhd Line: 27
    Warning (13410): Pin "HEX1[0]" is stuck at VCC File: D:/Users/dinho/Dropbox/ifsc/PI2/01_projeto/00_main/MAIN.vhd Line: 30
    Warning (13410): Pin "HEX1[1]" is stuck at VCC File: D:/Users/dinho/Dropbox/ifsc/PI2/01_projeto/00_main/MAIN.vhd Line: 30
    Warning (13410): Pin "HEX1[2]" is stuck at VCC File: D:/Users/dinho/Dropbox/ifsc/PI2/01_projeto/00_main/MAIN.vhd Line: 30
    Warning (13410): Pin "HEX1[5]" is stuck at VCC File: D:/Users/dinho/Dropbox/ifsc/PI2/01_projeto/00_main/MAIN.vhd Line: 30
Info (286030): Timing-Driven Synthesis is running
Info (16010): Generating hard_block partition "hard_block:auto_generated_inst"
    Info (16011): Adding 0 node(s), including 0 DDIO, 0 PLL, 0 transceiver and 0 LCELL
Warning (21074): Design contains 3 input pin(s) that do not drive logic
    Warning (15610): No output dependent on input pin "KEY[1]" File: D:/Users/dinho/Dropbox/ifsc/PI2/01_projeto/00_main/MAIN.vhd Line: 23
    Warning (15610): No output dependent on input pin "KEY[2]" File: D:/Users/dinho/Dropbox/ifsc/PI2/01_projeto/00_main/MAIN.vhd Line: 23
    Warning (15610): No output dependent on input pin "KEY[3]" File: D:/Users/dinho/Dropbox/ifsc/PI2/01_projeto/00_main/MAIN.vhd Line: 23
Info (21057): Implemented 222 device resources after synthesis - the final resource count might be different
    Info (21058): Implemented 7 input pins
    Info (21059): Implemented 57 output pins
    Info (21061): Implemented 158 logic cells
Info: Quartus Prime Analysis & Synthesis was successful. 0 errors, 45 warnings
    Info: Peak virtual memory: 649 megabytes
    Info: Processing ended: Tue Apr 25 08:38:01 2017
    Info: Elapsed time: 00:00:22
    Info: Total CPU time (on all processors): 00:00:43


