------------------------------------------------------------
TimeQuest Timing Analyzer Summary
------------------------------------------------------------

Type  : Slow 1200mV 85C Model Setup 'sens_alt:BLOCO_01|CLOCK'
Slack : -3.829
TNS   : -85.409

Type  : Slow 1200mV 85C Model Setup 'CLOCK_IN'
Slack : -2.737
TNS   : -25.291

Type  : Slow 1200mV 85C Model Hold 'sens_alt:BLOCO_01|CLOCK'
Slack : 0.387
TNS   : 0.000

Type  : Slow 1200mV 85C Model Hold 'CLOCK_IN'
Slack : 0.448
TNS   : 0.000

Type  : Slow 1200mV 85C Model Minimum Pulse Width 'CLOCK_IN'
Slack : -3.000
TNS   : -18.420

Type  : Slow 1200mV 85C Model Minimum Pulse Width 'sens_alt:BLOCO_01|CLOCK'
Slack : -1.285
TNS   : -38.550

Type  : Slow 1200mV 0C Model Setup 'sens_alt:BLOCO_01|CLOCK'
Slack : -3.395
TNS   : -74.860

Type  : Slow 1200mV 0C Model Setup 'CLOCK_IN'
Slack : -2.443
TNS   : -22.006

Type  : Slow 1200mV 0C Model Hold 'sens_alt:BLOCO_01|CLOCK'
Slack : 0.339
TNS   : 0.000

Type  : Slow 1200mV 0C Model Hold 'CLOCK_IN'
Slack : 0.406
TNS   : 0.000

Type  : Slow 1200mV 0C Model Minimum Pulse Width 'CLOCK_IN'
Slack : -3.000
TNS   : -18.420

Type  : Slow 1200mV 0C Model Minimum Pulse Width 'sens_alt:BLOCO_01|CLOCK'
Slack : -1.285
TNS   : -38.550

Type  : Fast 1200mV 0C Model Setup 'sens_alt:BLOCO_01|CLOCK'
Slack : -1.390
TNS   : -27.128

Type  : Fast 1200mV 0C Model Setup 'CLOCK_IN'
Slack : -0.821
TNS   : -5.632

Type  : Fast 1200mV 0C Model Hold 'sens_alt:BLOCO_01|CLOCK'
Slack : 0.174
TNS   : 0.000

Type  : Fast 1200mV 0C Model Hold 'CLOCK_IN'
Slack : 0.203
TNS   : 0.000

Type  : Fast 1200mV 0C Model Minimum Pulse Width 'CLOCK_IN'
Slack : -3.000
TNS   : -15.767

Type  : Fast 1200mV 0C Model Minimum Pulse Width 'sens_alt:BLOCO_01|CLOCK'
Slack : -1.000
TNS   : -30.000

------------------------------------------------------------
